["WALL", "WALL", "WALL", "WALL", "WALL", "WALL", "WALL", "WALL", "WALL", "WALL", "WALL", "S", "S", "S", "W", "PIT", "S", "PIT", "S", "WALL", "E", "E", "S", "W", "W", "W", "S", "E", "S", "WALL", "WALL", "E", "S", "W", "WALL", "PIT", "S", "PIT", "S", "WALL", "WALL", "E", "S", "W", "WALL", "WALL", "S", "WALL", "S", "WALL", "WALL", "E", "S", "W", "WALL", "PIT", "S", "PIT", "S", "WALL", "WALL", "E", "E", "E", "E", "S", "S", "S", "E", "GOAL", "WALL", "E", "N", "W", "WALL", "E", "E", "E", "N", "WALL", "WALL", "N", "N", "N", "E", "N", "N", "N", "N", "WALL", "WALL", "WALL", "WALL", "WALL", "WALL", "WALL", "WALL", "WALL", "WALL", "WALL"]